// Jest Snapshot v1, https://goo.gl/fbAQLP

exports[`invalid command should call help 1`] = `
Array [
  TestMessageValue {
    "frame": 0,
    "notification": Object {
      "kind": "N",
      "value": Object {
        "invalidCommand": "/invalid command",
      },
    },
  },
  TestMessageValue {
    "frame": 0,
    "notification": Object {
      "kind": "N",
      "value": Object {
        "help": true,
      },
    },
  },
  TestMessageValue {
    "frame": 1,
    "notification": Object {
      "kind": "C",
    },
  },
]
`;
